// Jest Snapshot v1, https://goo.gl/fbAQLP

exports[`Testing al cliente Es Aaron Chacon 1`] = `
Object {
  "balane": 500,
  "nombre": "Aaron Chacon",
  "tipo": "Premium",
}
`;
